[鍛ㄤ笁 2026/05/13  9:37:43.51] ====== Blog Daily Auto Pipeline ======
[鍛ㄤ笁 2026/05/13  9:37:43.73] [1/2] daily_generator
The system cannot execute the specified program.
[ERROR] daily_generator failed
[鍛ㄤ笁 2026/05/13  9:47:02.72] ====== Blog Daily Auto Pipeline ======
[鍛ㄤ笁 2026/05/13  9:47:02.73] [1/2] daily_generator
Exception in thread Thread-3 (_readerthread):
Traceback (most recent call last):
  File "C:\Users\23284\AppData\Local\Python\pythoncore-3.14-64\Lib\threading.py", line 1082, in _bootstrap_inner
    self._context.run(self.run)
    ~~~~~~~~~~~~~~~~~^^^^^^^^^^
  File "C:\Users\23284\AppData\Local\Python\pythoncore-3.14-64\Lib\threading.py", line 1024, in run
    self._target(*self._args, **self._kwargs)
    ~~~~~~~~~~~~^^^^^^^^^^^^^^^^^^^^^^^^^^^^^
  File "C:\Users\23284\AppData\Local\Python\pythoncore-3.14-64\Lib\subprocess.py", line 1614, in _readerthread
    buffer.append(fh.read())
                  ~~~~~~~^^
UnicodeDecodeError: 'gbk' codec can't decode byte 0x94 in position 43: illegal multibyte sequence
========================================================
  每日内容生成器 v3 — 真实来源 · 有据可查
========================================================
[INFO] 抓取跨境电商新闻...
  获取 5 条，0 条可用
[INFO] 抓取健身内容...
  获取 96 条，70 条可用
  [Fit/male] This 5-Day No-Equipment Workout Plan Is the Perfec... <- Popsugar
  [Fit/male] These are the 28 best bodyweight workouts on YouTu... <- Women's Health
  [Fit/yoga-mat] The Best Workout Apps of 2026: For Any Fitness Goa... <- Fortune
  [Fit/yoga-mat] Trying to Get Fit? Trainers Say These Are the 10 W... <- Good Housekeeping
  [Fit/male] Watch This Guy Attempt Mike Tyson's Intense, Full-... <- Men's Health
[INFO] 抓取 AI 新闻...
  获取 151 条，142 条可用
  [Fit/ai-industry] AI Ethics for the Everyday User – Why Should You C... <- towardsdatascience.com
  [Fit/ai-industry] 36氪官方AI专属社群，正式开放招募！ - 36kr.com... <- 36kr.com
  [Fit/ai-industry] 继小红书后，抖音也开始专项治理“AI起号” - 36kr.com... <- 36kr.com
  [Fit/ai-industry] 如何让AI为你打工？ - lifeweek.com.cn... <- lifeweek.com.cn
  [Fit/ai-tutorial] How to Create a Fake News Detection System? - Simp... <- Simplilearn.com
  [Fit/ai-tutorial] How to Become a Data Scientist | Become a Data Sci... <- Simplilearn.com
  [Fit/ai-industry] 2025年AI探学营活动成果 - 央广网... <- 央广网
[INFO] 补充搜索 (缺CB:8 Fit:0 AI:0)...
  [CB/russia-market] 俄罗斯电商平台Ozon向中国卖家降门槛 - 北京商报... <- 北京商报
  [CB/selection] 墨西哥“淘金热”：中国跨境大军涌入，中场战事升级 - 36kr.com... <- 36kr.com
  [CB/logistics] 特写｜中国卖家入局俄罗斯电商：卖断货的家电与回款挑战 - 21财经... <- 21财经
  [CB/selection] 2个月40家店铺 亚欧商品（霍尔果斯）集散中心跑出跨境电商“加速度” - 新华网新疆... <- 新华网新疆
  [CB/logistics] 海外仓，让外国消费者更快收到“中国造” - 新华丝路... <- 新华丝路
  [CB/russia-market] “海联会客厅——开放共享，引领中俄贸易新突破”暨“2025中国企业出海俄罗斯市场”对接交流会成功举办... <- 福建省商务厅
  [CB/yandex] Yandex Market华东首场卖家峰会圆满落幕 与杭州完成“产业+平台”的双向奔赴！ - 中华网... <- 中华网
  [CB/russia-market] 俄罗斯电商平台，挤满中国人 - 36kr.com... <- 36kr.com

[DONE] 2026-05-13 — 跨境电商 8 + 健身 5 + AI新闻 7 = 20 篇
  线上共 142 篇文章 → http://20020426.top
[INFO] sitemap.xml 已更新 (142 篇文章)

[INFO] 推送至 GitHub...
  git add . → OK
  git commit -m 每日更新 2026-05-13 — 来源采集 → OK
  git push → OK
  推送完成

当前线上 142 篇文章 → http://20020426.top
[OK] daily_generator completed
[鍛ㄥ洓 2026/05/14  0:28:23.49] ====== Blog Daily Auto Pipeline ======
[鍛ㄥ洓 2026/05/14  0:28:23.76] [1/2] daily_generator
The system cannot execute the specified program.
[ERROR] daily_generator failed
[鍛ㄥ洓 2026/05/14 10:43:10.40] ====== Blog Daily Auto Pipeline ======
[鍛ㄥ洓 2026/05/14 10:43:11.02] [1/2] daily_generator
The system cannot execute the specified program.
[ERROR] daily_generator failed
[鍛ㄥ洓 2026/05/14 10:51:10.24] ====== Blog Daily Auto Pipeline ======
[鍛ㄥ洓 2026/05/14 10:51:10.25] [1/2] daily_generator
Exception in thread Thread-3 (_readerthread):
Traceback (most recent call last):
  File "C:\Users\23284\AppData\Local\Python\pythoncore-3.14-64\Lib\threading.py", line 1082, in _bootstrap_inner
    self._context.run(self.run)
    ~~~~~~~~~~~~~~~~~^^^^^^^^^^
  File "C:\Users\23284\AppData\Local\Python\pythoncore-3.14-64\Lib\threading.py", line 1024, in run
    self._target(*self._args, **self._kwargs)
    ~~~~~~~~~~~~^^^^^^^^^^^^^^^^^^^^^^^^^^^^^
  File "C:\Users\23284\AppData\Local\Python\pythoncore-3.14-64\Lib\subprocess.py", line 1614, in _readerthread
    buffer.append(fh.read())
                  ~~~~~~~^^
UnicodeDecodeError: 'gbk' codec can't decode byte 0x94 in position 43: illegal multibyte sequence
========================================================
  每日内容生成器 v3 — 真实来源 · 有据可查
========================================================
[INFO] 抓取跨境电商新闻...
  [WARN] https://news.google.com/rss/search?q=%E8%B7%A8%E5%A2%83%E7%9...: HTTPSConnectionPool(host='news.google.com', port=443): Max retries exceeded with url: /rss/search?q=%E8%B7%A8%E5%A2%83%E7%94%B5%E5%95%86+Ozon+%E6%95%99%E7%A8%8B+%E5%85%A5%E9%97%A8+%E5%AE%9E%E6%93%8D&hl=zh-CN&gl=CN&ceid=CN:zh-Hans (Caused by ConnectTimeoutError(<HTTPSConnection(host='news.google.com', port=443) at 0x2ea4b3a5e80>, 'Connection to news.google.com timed out. (connect timeout=15)'))
  [WARN] https://news.google.com/rss/search?q=Ozon+%E8%BF%90%E8%90%A5...: HTTPSConnectionPool(host='news.google.com', port=443): Max retries exceeded with url: /rss/search?q=Ozon+%E8%BF%90%E8%90%A5+%E6%8A%80%E5%B7%A7+%E6%8C%87%E5%8D%97+%E9%80%89%E5%93%81+%E6%95%99%E7%A8%8B&hl=zh-CN&gl=CN&ceid=CN:zh-Hans (Caused by ConnectTimeoutError(<HTTPSConnection(host='news.google.com', port=443) at 0x2ea4b42df90>, 'Connection to news.google.com timed out. (connect timeout=15)'))
  [WARN] https://news.google.com/rss/search?q=%E8%B7%A8%E5%A2%83%E7%9...: HTTPSConnectionPool(host='news.google.com', port=443): Max retries exceeded with url: /rss/search?q=%E8%B7%A8%E5%A2%83%E7%94%B5%E5%95%86+%E4%BF%84%E7%BD%97%E6%96%AF+%E9%80%89%E5%93%81+%E6%95%99%E7%A8%8B+%E7%BB%8F%E9%AA%8C&hl=zh-CN&gl=CN&ceid=CN:zh-Hans (Caused by ConnectTimeoutError(<HTTPSConnection(host='news.google.com', port=443) at 0x2ea4b42d950>, 'Connection to news.google.com timed out. (connect timeout=15)'))
  [WARN] https://news.google.com/rss/search?q=%E8%B7%A8%E5%A2%83+%E7%...: HTTPSConnectionPool(host='news.google.com', port=443): Max retries exceeded with url: /rss/search?q=%E8%B7%A8%E5%A2%83+%E7%89%A9%E6%B5%81+%E4%BF%84%E7%BD%97%E6%96%AF+%E5%AE%9E%E6%93%8D+%E6%96%B9%E6%B3%95&hl=zh-CN&gl=CN&ceid=CN:zh-Hans (Caused by ConnectTimeoutError(<HTTPSConnection(host='news.google.com', port=443) at 0x2ea4b42df90>, 'Connection to news.google.com timed out. (connect timeout=15)'))
  [WARN] https://news.google.com/rss/search?q=%E7%94%B5%E5%95%86+%E9%...: HTTPSConnectionPool(host='news.google.com', port=443): Max retries exceeded with url: /rss/search?q=%E7%94%B5%E5%95%86+%E9%93%BA%E8%B4%A7+Ozon+%E6%95%99%E7%A8%8B+%E6%8A%80%E5%B7%A7&hl=zh-CN&gl=CN&ceid=CN:zh-Hans (Caused by ConnectTimeoutError(<HTTPSConnection(host='news.google.com', port=443) at 0x2ea4b42de50>, 'Connection to news.google.com timed out. (connect timeout=15)'))
  获取 0 条，0 条可用
[INFO] 抓取健身内容...
  [WARN] https://news.google.com/rss/search?q=%E5%BE%92%E6%89%8B%E5%8...: HTTPSConnectionPool(host='news.google.com', port=443): Max retries exceeded with url: /rss/search?q=%E5%BE%92%E6%89%8B%E5%81%A5%E8%BA%AB+%E8%87%AA%E9%87%8D%E8%AE%AD%E7%BB%83+%E6%95%99%E7%A8%8B+%E4%BF%AF%E5%8D%A7%E6%92%91+%E6%B7%B1%E8%B9%B2&hl=zh-CN&gl=CN&ceid=CN:zh-Hans (Caused by ConnectTimeoutError(<HTTPSConnection(host='news.google.com', port=443) at 0x2ea4b42d450>, 'Connection to news.google.com timed out. (connect timeout=15)'))
  [WARN] https://news.google.com/rss/search?q=%E6%A0%B8%E5%BF%83%E8%A...: HTTPSConnectionPool(host='news.google.com', port=443): Max retries exceeded with url: /rss/search?q=%E6%A0%B8%E5%BF%83%E8%AE%AD%E7%BB%83+%E7%91%9C%E4%BC%BD%E5%9E%AB+%E8%85%B9%E8%82%8C+%E5%81%A5%E8%BA%AB&hl=zh-CN&gl=CN&ceid=CN:zh-Hans (Caused by ConnectTimeoutError(<HTTPSConnection(host='news.google.com', port=443) at 0x2ea4b42ce10>, 'Connection to news.google.com timed out. (connect timeout=15)'))
  [WARN] https://news.google.com/rss/search?q=bodyweight+workout+home...: HTTPSConnectionPool(host='news.google.com', port=443): Max retries exceeded with url: /rss/search?q=bodyweight+workout+home+routine+beginner+no+equipment&hl=en&gl=US&ceid=US:en (Caused by ConnectTimeoutError(<HTTPSConnection(host='news.google.com', port=443) at 0x2ea4b42d310>, 'Connection to news.google.com timed out. (connect timeout=15)'))
  [WARN] https://news.google.com/rss/search?q=calisthenics+bodyweight...: HTTPSConnectionPool(host='news.google.com', port=443): Max retries exceeded with url: /rss/search?q=calisthenics+bodyweight+exercise+tutorial+plan&hl=en&gl=US&ceid=US:en (Caused by ConnectTimeoutError(<HTTPSConnection(host='news.google.com', port=443) at 0x2ea4b42d090>, 'Connection to news.google.com timed out. (connect timeout=15)'))
  获取 0 条，0 条可用
[INFO] 抓取 AI 新闻...
  [WARN] https://news.google.com/rss/search?q=AI+%E6%95%99%E7%A8%8B+%...: HTTPSConnectionPool(host='news.google.com', port=443): Max retries exceeded with url: /rss/search?q=AI+%E6%95%99%E7%A8%8B+%E5%85%A5%E9%97%A8+%E5%AD%A6%E4%B9%A0+%E4%BA%BA%E5%B7%A5%E6%99%BA%E8%83%BD&hl=zh-CN&gl=CN&ceid=CN:zh-Hans (Caused by ConnectTimeoutError(<HTTPSConnection(host='news.google.com', port=443) at 0x2ea4b42c7d0>, 'Connection to news.google.com timed out. (connect timeout=15)'))
  [WARN] https://news.google.com/rss/search?q=AI%E5%B7%A5%E5%85%B7+%E...: HTTPSConnectionPool(host='news.google.com', port=443): Max retries exceeded with url: /rss/search?q=AI%E5%B7%A5%E5%85%B7+%E4%BD%BF%E7%94%A8%E6%95%99%E7%A8%8B+%E6%95%99%E5%AD%A6+%E5%AE%9E%E6%93%8D&hl=zh-CN&gl=CN&ceid=CN:zh-Hans (Caused by ConnectTimeoutError(<HTTPSConnection(host='news.google.com', port=443) at 0x2ea4b42cb90>, 'Connection to news.google.com timed out. (connect timeout=15)'))
  [WARN] https://news.google.com/rss/search?q=AI+%E7%94%B5%E5%95%86+%...: HTTPSConnectionPool(host='news.google.com', port=443): Max retries exceeded with url: /rss/search?q=AI+%E7%94%B5%E5%95%86+%E5%BA%94%E7%94%A8+%E6%95%99%E7%A8%8B+%E6%96%B9%E6%B3%95&hl=zh-CN&gl=CN&ceid=CN:zh-Hans (Caused by ConnectTimeoutError(<HTTPSConnection(host='news.google.com', port=443) at 0x2ea4b42e350>, 'Connection to news.google.com timed out. (connect timeout=15)'))
  [WARN] https://news.google.com/rss/search?q=AI+tutorial+guide+how-t...: HTTPSConnectionPool(host='news.google.com', port=443): Max retries exceeded with url: /rss/search?q=AI+tutorial+guide+how-to+artificial+intelligence+learning&hl=en&gl=US&ceid=US:en (Caused by ConnectTimeoutError(<HTTPSConnection(host='news.google.com', port=443) at 0x2ea4b42e5d0>, 'Connection to news.google.com timed out. (connect timeout=15)'))
  获取 0 条，0 条可用
[INFO] 补充搜索 (缺CB:8 Fit:5 AI:7)...
  [WARN] 补充抓取失败: HTTPSConnectionPool(host='news.google.com', port=443): Max retries exceeded with url: /rss/search?q=%E8%B7%A8%E5%A2%83%E7%94%B5%E5%95%86+%E4%BF%84%E7%BD%97%E6%96%AF+%E9%80%89%E5%93%81+%E8%BF%90%E8%90%A5+%E7%89%A9%E6%B5%81&hl=zh-CN&gl=CN&ceid=CN:zh-Hans (Caused by ConnectTimeoutError(<HTTPSConnection(host='news.google.com', port=443) at 0x2ea4b42c690>, 'Connection to news.google.com timed out. (connect timeout=15)'))
  [WARN] 补充抓取失败: HTTPSConnectionPool(host='news.google.com', port=443): Max retries exceeded with url: /rss/search?q=%E5%BE%92%E6%89%8B+%E8%87%AA%E9%87%8D+%E8%AE%AD%E7%BB%83+%E6%95%99%E7%A8%8B+%E4%BF%AF%E5%8D%A7%E6%92%91+%E6%B7%B1%E8%B9%B2+%E7%91%9C%E4%BC%BD+%E5%81%A5%E8%BA%AB&hl=zh-CN&gl=CN&ceid=CN:zh-Hans (Caused by ConnectTimeoutError(<HTTPSConnection(host='news.google.com', port=443) at 0x2ea4b42e990>, 'Connection to news.google.com timed out. (connect timeout=15)'))
  [WARN] 补充抓取失败: HTTPSConnectionPool(host='news.google.com', port=443): Max retries exceeded with url: /rss/search?q=AI+%E4%BA%BA%E5%B7%A5%E6%99%BA%E8%83%BD+%E5%B7%A5%E5%85%B7+%E6%95%99%E7%A8%8B+%E5%BA%94%E7%94%A8&hl=zh-CN&gl=CN&ceid=CN:zh-Hans (Caused by ConnectTimeoutError(<HTTPSConnection(host='news.google.com', port=443) at 0x2ea4b42ec10>, 'Connection to news.google.com timed out. (connect timeout=15)'))

[DONE] 2026-05-14 — 跨境电商 0 + 健身 0 + AI新闻 0 = 0 篇
  线上共 162 篇文章 → http://20020426.top
[INFO] sitemap.xml 已更新 (162 篇文章)

[INFO] 推送至 GitHub...
  git add . → OK
  git commit -m 每日更新 2026-05-14 — 来源采集 → OK
  git push → OK
  推送完成

当前线上 162 篇文章 → http://20020426.top
[OK] daily_generator completed
[鍛ㄤ簲 2026/05/15  9:30:49.10] ====== Blog Daily Auto Pipeline ======

[notice] A new release of pip is available: 26.0.1 -> 26.1.1
[notice] To update, run: C:\Users\23284\AppData\Local\Python\pythoncore-3.14-64\python.exe -m pip install --upgrade pip
[鍛ㄤ簲 2026/05/15  9:31:27.44] [1/2] daily_generator
Exception in thread Thread-3 (_readerthread):
Traceback (most recent call last):
  File "C:\Users\23284\AppData\Local\Python\pythoncore-3.14-64\Lib\threading.py", line 1082, in _bootstrap_inner
    self._context.run(self.run)
    ~~~~~~~~~~~~~~~~~^^^^^^^^^^
  File "C:\Users\23284\AppData\Local\Python\pythoncore-3.14-64\Lib\threading.py", line 1024, in run
    self._target(*self._args, **self._kwargs)
    ~~~~~~~~~~~~^^^^^^^^^^^^^^^^^^^^^^^^^^^^^
  File "C:\Users\23284\AppData\Local\Python\pythoncore-3.14-64\Lib\subprocess.py", line 1614, in _readerthread
    buffer.append(fh.read())
                  ~~~~~~~^^
UnicodeDecodeError: 'gbk' codec can't decode byte 0x94 in position 43: illegal multibyte sequence
========================================================
  每日内容生成器 v3 — 真实来源 · 有据可查
========================================================
[INFO] 抓取跨境电商新闻...
  获取 61 条，8 条可用
[INFO] 抓取健身内容...
  获取 152 条，5 条可用
[INFO] 抓取 AI 新闻...
  获取 220 条，7 条可用
[INFO] 内容富化: 20 篇 -> 17 个主题簇...
[INFO] 发现 3 个多源主题簇（可交叉印证）
  [CLUSTER 1/17] 单篇 -> 总结...
  [CLUSTER 2/17] 单篇 -> 总结...
  [CLUSTER 3/17] 单篇 -> 总结...
  [CLUSTER 4/17] 单篇 -> 总结...
  [CLUSTER 5/17] 单篇 -> 总结...
  [CLUSTER 6/17] 单篇 -> 总结...
  [CLUSTER 7/17] 2篇 -> 交叉合成...
  [CLUSTER 8/17] 单篇 -> 总结...
  [CLUSTER 9/17] 单篇 -> 总结...
  [CLUSTER 10/17] 单篇 -> 总结...
  [CLUSTER 11/17] 单篇 -> 总结...
  [CLUSTER 12/17] 单篇 -> 总结...
  [CLUSTER 13/17] 2篇 -> 交叉合成...
  [CLUSTER 14/17] 单篇 -> 总结...
  [CLUSTER 15/17] 2篇 -> 交叉合成...
  [CLUSTER 16/17] 单篇 -> 总结...
  [CLUSTER 17/17] 单篇 -> 总结...
[INFO] 富化完成: 7/20 篇成功 (3 个交叉合成)
  [CB/tools] AI工具一路狂飙,盘点跨境电商必备工具 - Enjoy出海... <- Enjoy出海
  [CB/selection] 俄乌冲突：加密货币的舞台 - 安全内参... <- 安全内参
  [CB/russia-market] 跨境电商的“AI暗战”：谁能靠垂直应用改写千亿市场格局？ - 亿邦动力网... <- 亿邦动力网
  [TL] 新版 Google Analytics 设置教程 | 如何在... -> Shopify 启用 Google Analytics 4 ...
  [CB/selection] Shopify 启用 Google Analytics 4 教程... <- Shopify
  [CB/logistics] 俄罗斯本土电商平台野莓Wildberries宣布全面开放中国招商 商家可享每周回款 - 新浪财经... <- 新浪财经
  [CB/logistics] 战争和制裁持续 为什么卢布保持坚挺 - BBC... <- BBC
  [CB/selection] AI替代潮之下，跨境电商“卖铲人”还好吗？ - 36kr.com... <- 36kr.com
  [CB/selection] AI替代潮之下 跨境电商“卖铲人”还好吗？ - 亿邦动力网... <- 亿邦动力网
  [TL] Five easy Pilates moves to do ... -> 5个居家普拉提动作，延缓背部老化...
  [Fit/yoga-mat] 5个居家普拉提动作，延缓背部老化... <- Fit&Well
  [TL] 15 Resistance Band Exercises f... -> 初学者必备的15个弹力带训练动作...
  [Fit/yoga-mat] 初学者必备的15个弹力带训练动作... <- theSkimm
  [TL] Tired of the gym? Fitness trai... -> 厌倦健身房？健身教练分享8个高效居家燃脂训练...
  [Fit/yoga-mat] 厌倦健身房？健身教练分享8个高效居家燃脂训练... <- Moneycontrol.com
  [TL] Feeling Tight? These Stretches... -> 20分钟拉伸提升柔韧性...
  [Fit/yoga-mat] 20分钟拉伸提升柔韧性... <- Women's Health
  [TL] "The world's greatest stretch ... -> 全球最难拉伸动作对初学者太难——认证拉伸治疗师推荐6种更佳替...
  [Fit/yoga-mat] 全球最难拉伸动作对初学者太难——认证拉伸治疗师推荐6种更佳替代方案... <- Fit&Well
  [TL] 23 Powerful AI Productivity To... -> 23款高效AI生产力工具，助你养成好习惯...
  [Fit/ai-tools] 23款高效AI生产力工具，助你养成好习惯... <- Develop Good Habits
  [TL] Artificial intelligence implem... -> 人工智能落地的八个成功步骤...
  [Fit/ai-industry] 人工智能落地的八个成功步骤... <- IBM
  [TL] Cybersecurity Analysis – Begin... -> Python安全日志分析入门指南...
  [Fit/ai-tutorial] Python安全日志分析入门指南... <- NVIDIA Developer
  [Fit/ai-ecommerce] 22个有“钱景”的跨境电商商业创意（2025） - Shopify... <- Shopify
  [Fit/ai-industry] 这是极简单的人工神经网络解说 - 51CTO... <- 51CTO
  [TL] Best AI Developer Tools for 20... -> 2026年最佳AI开发工具...
  [Fit/ai-tools] 2026年最佳AI开发工具... <- Simplilearn.com
  [TL] Beginner’s Guide to GPU Accele... -> Python GPU加速图分析入门指南...
  [Fit/ai-tutorial] Python GPU加速图分析入门指南... <- NVIDIA Developer

[DONE] 2026-05-15 — 跨境电商 8 + 健身 5 + AI新闻 7 = 20 篇
  线上共 200 篇文章 → http://20020426.top
[INFO] sitemap.xml 已更新 (200 篇文章)

[INFO] 推送至 GitHub...
  git add . → OK
  git commit -m 每日更新 2026-05-15 — 来源采集 → OK
  git push → OK
  推送完成

当前线上 200 篇文章 → http://20020426.top
[OK] daily_generator completed
[鍛ㄥ叚 2026/05/16 11:46:45.75] ====== Blog Daily Auto Pipeline ====== 

[notice] A new release of pip is available: 26.0.1 -> 26.1.1
[notice] To update, run: C:\Users\23284\AppData\Local\Python\pythoncore-3.14-64\python.exe -m pip install --upgrade pip
[鍛ㄥ叚 2026/05/16 11:46:58.07] [1/2] daily_generator 
